
Error: Call of undefined function: 'nbonacci': line 5
Error: Redefinition of function 'trib': line 8
