
Error: Improper number of args in gcd call: line 9
Error: Improper number of args in gcd call: line 11
