
Error: Call of undefined fun: 'nbonacci': line 5
