
Error: Improper number of args in gcd call: line 9
Error: Improper number of args in gcd call: line 11
Error: Improper type of args in gcd call: line 21
