
Error: Missing return statement in function 'gcd_iter' returning int: line 12
