"Invalid definition of variable 'c': Expected: 'int', got: 'string'