Error: Label 'label' already in use in this scope : line 2
Error: Variable 'a' already declared: line 2