
Error: Assignment of string to int: line 4
Error: Illegal operation, string - string: line 6
Error: Illegal operation, string / string: line 7
