
Error: Usage of undeclared variable 'a': line 2

